// Jest Snapshot v1, https://goo.gl/fbAQLP

exports[`renders correctly 1`] = `
<div
  className="Loading-main"
>
  <img
    alt="spinner"
    className="Loading-spinner"
    src="spinner.svg"
  />
  <p>
    Loading...
  </p>
</div>
`;
