// Jest Snapshot v1, https://goo.gl/fbAQLP

exports[`renders correctly 1`] = `
<div
  className="Search-main container"
>
  <div
    className="row"
  >
    <div
      className="col-xs-12"
    >
      <form
        className="Search-form form-inline"
      >
        <div
          className="input-group input-group-lg"
        >
          <input
            className="Search-input form-control"
            onChange={[Function]}
            placeholder="Search a movie"
            type="text"
            value=""
          />
        </div>
      </form>
    </div>
  </div>
</div>
`;
